
> react-kavia@0.1.0 start
> cross-env EDIT_MODE=true webpack serve --config .ve/webpack.config.js --mode development

<i> [webpack-dev-server] Project is running at:
<i> [webpack-dev-server] Loopback: http://localhost:3000/, http://[::1]:3000/
<i> [webpack-dev-server] On Your Network (IPv4): http://172.17.0.2:3000/
<i> [webpack-dev-server] Content not from webpack is served from './public' directory
Injecting EditorRootWrapper import: ../.ve/EditorRootWrapper
asset bundle.js 1.39 MiB [emitted] (name: main)
asset index.html 1.98 KiB [emitted]
runtime modules 27.5 KiB 14 modules
modules by path ./node_modules/ 1.24 MiB 31 modules
modules by path ./src/ 8.52 KiB
  modules by path ./src/*.css 6.74 KiB 4 modules
  modules by path ./src/*.js 1.78 KiB
    ./src/index.js 530 bytes [built] [code generated]
    ./src/App.js 1.26 KiB [built] [code generated]
modules by path ./.ve/ 15.1 KiB
  modules by path ./.ve/*.js 10.6 KiB 2 modules
  modules by path ./.ve/*.css 2.93 KiB
    ./.ve/EditorOverlay.css 2.25 KiB [built] [code generated]
    ./node_modules/css-loader/dist/cjs.js!./.ve/EditorOverlay.css 697 bytes [built] [code generated]
  ./.ve/EditorOverlay.jsx 1.58 KiB [built] [code generated]
webpack 5.99.9 compiled successfully in 1224 ms
assets by status 1.98 KiB [cached] 1 asset
assets by path *.js 1.44 MiB
  asset bundle.js 1.41 MiB [emitted] (name: main)
  asset main.aeea82d6db0e3942353b.hot-update.js 28.4 KiB [emitted] [immutable] [hmr] (name: main)
asset main.aeea82d6db0e3942353b.hot-update.json 28 bytes [emitted] [immutable] [hmr]
Entrypoint main 1.44 MiB = bundle.js 1.41 MiB main.aeea82d6db0e3942353b.hot-update.js 28.4 KiB
cached modules 1.26 MiB [cached] 41 modules
runtime modules 27.5 KiB 14 modules
./src/App.js 19.9 KiB [built] [code generated]
webpack 5.99.9 compiled successfully in 201 ms
assets by status 1.98 KiB [cached] 1 asset
assets by path *.js 1.43 MiB
  asset bundle.js 1.42 MiB [emitted] (name: main)
  asset main.7d05c89fd21255043441.hot-update.js 9.83 KiB [emitted] [immutable] [hmr] (name: main)
asset main.7d05c89fd21255043441.hot-update.json 28 bytes [emitted] [immutable] [hmr]
Entrypoint main 1.43 MiB = bundle.js 1.42 MiB main.7d05c89fd21255043441.hot-update.js 9.83 KiB
cached modules 1.28 MiB [cached] 41 modules
runtime modules 27.5 KiB 14 modules
./node_modules/css-loader/dist/cjs.js!./src/App.css 7.1 KiB [built] [code generated]
webpack 5.99.9 compiled successfully in 45 ms
